main.c:143:6:setLed	24	static
main.c:169:6:setRelay	16	static
main.c:205:6:adcCallback	104	static
main.c:281:6:timerIRQcallback	8	static
main.c:289:10:getTickTimer1	12	static
main.c:293:10:getTimer1Second	16	static
main.c:301:9:switchToOn	72	static
main.c:319:9:switchToOff	72	static
main.c:344:6:setFan	16	static
main.c:364:6:fanControlLoop	8	static
main.c:382:6:state_FanOn	16	static
main.c:395:6:state_FanOff	16	static
main.c:408:6:fanSystemHandle	24	static
main.c:481:6:cpyTo	32	static
main.c:493:9:checkCorrectness	32	static
main.c:510:9:getStateFromUART2	64	dynamic
main.c:557:6:sendValueUART2	40	static
main.c:596:6:updateSystemState	24	static
main.c:689:5:main	8	static
main.c:762:6:SystemClock_Config	88	static
main.c:807:13:MX_ADC1_Init	24	static
main.c:857:13:MX_TIM1_Init	32	static
main.c:903:13:MX_TIM3_Init	32	static
main.c:948:13:MX_USART1_UART_Init	8	static
main.c:981:13:MX_USART2_UART_Init	8	static
main.c:1012:13:MX_DMA_Init	16	static
main.c:1030:13:MX_GPIO_Init	48	static
main.c:1082:6:Error_Handler	4	static
